DEBUG - 2026-05-09 16:05:38 --> Session: Class initialized using 'CodeIgniter\Session\Handlers\FileHandler' driver.
DEBUG - 2026-05-09 16:05:39 --> Session: Class initialized using 'CodeIgniter\Session\Handlers\FileHandler' driver.
DEBUG - 2026-05-09 16:05:39 --> Session: Class initialized using 'CodeIgniter\Session\Handlers\FileHandler' driver.
DEBUG - 2026-05-09 16:05:39 --> Session: Class initialized using 'CodeIgniter\Session\Handlers\FileHandler' driver.
DEBUG - 2026-05-09 16:07:25 --> Session: Class initialized using 'CodeIgniter\Session\Handlers\FileHandler' driver.
CRITICAL - 2026-05-09 16:08:41 --> CodeIgniter\Security\Exceptions\SecurityException: The action you requested is not allowed.
[Method: POST, Route: login]
in SYSTEMPATH/Security/Security.php on line 258.
 1 SYSTEMPATH/Security/Security.php(258): CodeIgniter\Security\Exceptions\SecurityException::forDisallowedAction()
 2 SYSTEMPATH/Filters/CSRF.php(52): CodeIgniter\Security\Security->verify()
 3 SYSTEMPATH/Filters/Filters.php(241): CodeIgniter\Filters\CSRF->before()
 4 SYSTEMPATH/Filters/Filters.php(221): CodeIgniter\Filters\Filters->runBefore()
 5 SYSTEMPATH/CodeIgniter.php(465): CodeIgniter\Filters\Filters->run()
 6 SYSTEMPATH/CodeIgniter.php(340): CodeIgniter\CodeIgniter->handleRequest()
 7 SYSTEMPATH/Boot.php(417): CodeIgniter\CodeIgniter->run()
 8 SYSTEMPATH/Boot.php(68): CodeIgniter\Boot::runCodeIgniter()
 9 FCPATH/index.php(59): CodeIgniter\Boot::bootWeb()
10 SYSTEMPATH/rewrite.php(44): require_once('/home/hp/Documents/ITU/S4/SI/TP-CODEIGNITER/regime/public/index.php')
DEBUG - 2026-05-09 16:14:10 --> Session: Class initialized using 'CodeIgniter\Session\Handlers\FileHandler' driver.
DEBUG - 2026-05-09 16:14:11 --> Session: Class initialized using 'CodeIgniter\Session\Handlers\FileHandler' driver.
CRITICAL - 2026-05-09 16:14:17 --> CodeIgniter\Security\Exceptions\SecurityException: The action you requested is not allowed.
[Method: POST, Route: login]
in SYSTEMPATH/Security/Security.php on line 258.
 1 SYSTEMPATH/Security/Security.php(258): CodeIgniter\Security\Exceptions\SecurityException::forDisallowedAction()
 2 SYSTEMPATH/Filters/CSRF.php(52): CodeIgniter\Security\Security->verify()
 3 SYSTEMPATH/Filters/Filters.php(241): CodeIgniter\Filters\CSRF->before()
 4 SYSTEMPATH/Filters/Filters.php(221): CodeIgniter\Filters\Filters->runBefore()
 5 SYSTEMPATH/CodeIgniter.php(465): CodeIgniter\Filters\Filters->run()
 6 SYSTEMPATH/CodeIgniter.php(340): CodeIgniter\CodeIgniter->handleRequest()
 7 SYSTEMPATH/Boot.php(417): CodeIgniter\CodeIgniter->run()
 8 SYSTEMPATH/Boot.php(68): CodeIgniter\Boot::runCodeIgniter()
 9 FCPATH/index.php(59): CodeIgniter\Boot::bootWeb()
10 SYSTEMPATH/rewrite.php(44): require_once('/home/hp/Documents/ITU/S4/SI/TP-CODEIGNITER/regime/public/index.php')
DEBUG - 2026-05-09 16:18:42 --> Session: Class initialized using 'CodeIgniter\Session\Handlers\FileHandler' driver.
CRITICAL - 2026-05-09 16:18:46 --> CodeIgniter\Security\Exceptions\SecurityException: The action you requested is not allowed.
[Method: POST, Route: login]
in SYSTEMPATH/Security/Security.php on line 258.
 1 SYSTEMPATH/Security/Security.php(258): CodeIgniter\Security\Exceptions\SecurityException::forDisallowedAction()
 2 SYSTEMPATH/Filters/CSRF.php(52): CodeIgniter\Security\Security->verify()
 3 SYSTEMPATH/Filters/Filters.php(241): CodeIgniter\Filters\CSRF->before()
 4 SYSTEMPATH/Filters/Filters.php(221): CodeIgniter\Filters\Filters->runBefore()
 5 SYSTEMPATH/CodeIgniter.php(465): CodeIgniter\Filters\Filters->run()
 6 SYSTEMPATH/CodeIgniter.php(340): CodeIgniter\CodeIgniter->handleRequest()
 7 SYSTEMPATH/Boot.php(417): CodeIgniter\CodeIgniter->run()
 8 SYSTEMPATH/Boot.php(68): CodeIgniter\Boot::runCodeIgniter()
 9 FCPATH/index.php(59): CodeIgniter\Boot::bootWeb()
10 SYSTEMPATH/rewrite.php(44): require_once('/home/hp/Documents/ITU/S4/SI/TP-CODEIGNITER/regime/public/index.php')
DEBUG - 2026-05-09 16:18:49 --> Session: Class initialized using 'CodeIgniter\Session\Handlers\FileHandler' driver.
CRITICAL - 2026-05-09 16:19:10 --> CodeIgniter\Security\Exceptions\SecurityException: The action you requested is not allowed.
[Method: POST, Route: login]
in SYSTEMPATH/Security/Security.php on line 258.
 1 SYSTEMPATH/Security/Security.php(258): CodeIgniter\Security\Exceptions\SecurityException::forDisallowedAction()
 2 SYSTEMPATH/Filters/CSRF.php(52): CodeIgniter\Security\Security->verify()
 3 SYSTEMPATH/Filters/Filters.php(241): CodeIgniter\Filters\CSRF->before()
 4 SYSTEMPATH/Filters/Filters.php(221): CodeIgniter\Filters\Filters->runBefore()
 5 SYSTEMPATH/CodeIgniter.php(465): CodeIgniter\Filters\Filters->run()
 6 SYSTEMPATH/CodeIgniter.php(340): CodeIgniter\CodeIgniter->handleRequest()
 7 SYSTEMPATH/Boot.php(417): CodeIgniter\CodeIgniter->run()
 8 SYSTEMPATH/Boot.php(68): CodeIgniter\Boot::runCodeIgniter()
 9 FCPATH/index.php(59): CodeIgniter\Boot::bootWeb()
10 SYSTEMPATH/rewrite.php(44): require_once('/home/hp/Documents/ITU/S4/SI/TP-CODEIGNITER/regime/public/index.php')
CRITICAL - 2026-05-09 16:31:42 --> CodeIgniter\Security\Exceptions\SecurityException: The action you requested is not allowed.
[Method: POST, Route: login]
in SYSTEMPATH/Security/Security.php on line 258.
 1 SYSTEMPATH/Security/Security.php(258): CodeIgniter\Security\Exceptions\SecurityException::forDisallowedAction()
 2 SYSTEMPATH/Filters/CSRF.php(52): CodeIgniter\Security\Security->verify()
 3 SYSTEMPATH/Filters/Filters.php(241): CodeIgniter\Filters\CSRF->before()
 4 SYSTEMPATH/Filters/Filters.php(221): CodeIgniter\Filters\Filters->runBefore()
 5 SYSTEMPATH/CodeIgniter.php(465): CodeIgniter\Filters\Filters->run()
 6 SYSTEMPATH/CodeIgniter.php(340): CodeIgniter\CodeIgniter->handleRequest()
 7 SYSTEMPATH/Boot.php(417): CodeIgniter\CodeIgniter->run()
 8 SYSTEMPATH/Boot.php(68): CodeIgniter\Boot::runCodeIgniter()
 9 FCPATH/index.php(59): CodeIgniter\Boot::bootWeb()
10 SYSTEMPATH/rewrite.php(44): require_once('/home/hp/Documents/ITU/S4/SI/TP-CODEIGNITER/regime/public/index.php')
DEBUG - 2026-05-09 16:31:44 --> Session: Class initialized using 'CodeIgniter\Session\Handlers\FileHandler' driver.
DEBUG - 2026-05-09 16:31:45 --> Session: Class initialized using 'CodeIgniter\Session\Handlers\FileHandler' driver.
DEBUG - 2026-05-09 16:31:46 --> Session: Class initialized using 'CodeIgniter\Session\Handlers\FileHandler' driver.
INFO - 2026-05-09 16:31:48 --> CSRF token verified.
ERROR - 2026-05-09 16:31:49 --> Error connecting to the database: mysqli_sql_exception: No such file or directory in /home/hp/Documents/ITU/S4/SI/TP-CODEIGNITER/regime/system/Database/MySQLi/Connection.php:201
Stack trace:
#0 /home/hp/Documents/ITU/S4/SI/TP-CODEIGNITER/regime/system/Database/MySQLi/Connection.php(201): mysqli->real_connect()
#1 /home/hp/Documents/ITU/S4/SI/TP-CODEIGNITER/regime/system/Database/BaseConnection.php(555): CodeIgniter\Database\MySQLi\Connection->connect()
#2 /home/hp/Documents/ITU/S4/SI/TP-CODEIGNITER/regime/system/Database/BaseConnection.php(795): CodeIgniter\Database\BaseConnection->initialize()
#3 /home/hp/Documents/ITU/S4/SI/TP-CODEIGNITER/regime/system/Database/BaseBuilder.php(1649): CodeIgniter\Database\BaseConnection->query()
#4 /home/hp/Documents/ITU/S4/SI/TP-CODEIGNITER/regime/system/Model.php(295): CodeIgniter\Database\BaseBuilder->get()
#5 /home/hp/Documents/ITU/S4/SI/TP-CODEIGNITER/regime/system/BaseModel.php(714): CodeIgniter\Model->doFirst()
#6 /home/hp/Documents/ITU/S4/SI/TP-CODEIGNITER/regime/app/Controllers/AuthController.php(20): CodeIgniter\BaseModel->first()
#7 /home/hp/Documents/ITU/S4/SI/TP-CODEIGNITER/regime/system/CodeIgniter.php(951): App\Controllers\AuthController->login()
#8 /home/hp/Documents/ITU/S4/SI/TP-CODEIGNITER/regime/system/CodeIgniter.php(497): CodeIgniter\CodeIgniter->runController()
#9 /home/hp/Documents/ITU/S4/SI/TP-CODEIGNITER/regime/system/CodeIgniter.php(340): CodeIgniter\CodeIgniter->handleRequest()
#10 /home/hp/Documents/ITU/S4/SI/TP-CODEIGNITER/regime/system/Boot.php(417): CodeIgniter\CodeIgniter->run()
#11 /home/hp/Documents/ITU/S4/SI/TP-CODEIGNITER/regime/system/Boot.php(68): CodeIgniter\Boot::runCodeIgniter()
#12 /home/hp/Documents/ITU/S4/SI/TP-CODEIGNITER/regime/public/index.php(59): CodeIgniter\Boot::bootWeb()
#13 /home/hp/Documents/ITU/S4/SI/TP-CODEIGNITER/regime/system/rewrite.php(44): require_once('...')
#14 {main}

Next CodeIgniter\Database\Exceptions\DatabaseException: No such file or directory in /home/hp/Documents/ITU/S4/SI/TP-CODEIGNITER/regime/system/Database/MySQLi/Connection.php:231
Stack trace:
#0 /home/hp/Documents/ITU/S4/SI/TP-CODEIGNITER/regime/system/Database/BaseConnection.php(555): CodeIgniter\Database\MySQLi\Connection->connect()
#1 /home/hp/Documents/ITU/S4/SI/TP-CODEIGNITER/regime/system/Database/BaseConnection.php(795): CodeIgniter\Database\BaseConnection->initialize()
#2 /home/hp/Documents/ITU/S4/SI/TP-CODEIGNITER/regime/system/Database/BaseBuilder.php(1649): CodeIgniter\Database\BaseConnection->query()
#3 /home/hp/Documents/ITU/S4/SI/TP-CODEIGNITER/regime/system/Model.php(295): CodeIgniter\Database\BaseBuilder->get()
#4 /home/hp/Documents/ITU/S4/SI/TP-CODEIGNITER/regime/system/BaseModel.php(714): CodeIgniter\Model->doFirst()
#5 /home/hp/Documents/ITU/S4/SI/TP-CODEIGNITER/regime/app/Controllers/AuthController.php(20): CodeIgniter\BaseModel->first()
#6 /home/hp/Documents/ITU/S4/SI/TP-CODEIGNITER/regime/system/CodeIgniter.php(951): App\Controllers\AuthController->login()
#7 /home/hp/Documents/ITU/S4/SI/TP-CODEIGNITER/regime/system/CodeIgniter.php(497): CodeIgniter\CodeIgniter->runController()
#8 /home/hp/Documents/ITU/S4/SI/TP-CODEIGNITER/regime/system/CodeIgniter.php(340): CodeIgniter\CodeIgniter->handleRequest()
#9 /home/hp/Documents/ITU/S4/SI/TP-CODEIGNITER/regime/system/Boot.php(417): CodeIgniter\CodeIgniter->run()
#10 /home/hp/Documents/ITU/S4/SI/TP-CODEIGNITER/regime/system/Boot.php(68): CodeIgniter\Boot::runCodeIgniter()
#11 /home/hp/Documents/ITU/S4/SI/TP-CODEIGNITER/regime/public/index.php(59): CodeIgniter\Boot::bootWeb()
#12 /home/hp/Documents/ITU/S4/SI/TP-CODEIGNITER/regime/system/rewrite.php(44): require_once('...')
#13 {main}
CRITICAL - 2026-05-09 16:31:49 --> CodeIgniter\Database\Exceptions\DatabaseException: Unable to connect to the database.
Main connection [MySQLi]: No such file or directory
[Method: POST, Route: login]
in SYSTEMPATH/Database/BaseConnection.php on line 606.
 1 SYSTEMPATH/Database/BaseConnection.php(795): CodeIgniter\Database\BaseConnection->initialize()
 2 SYSTEMPATH/Database/BaseBuilder.php(1649): CodeIgniter\Database\BaseConnection->query()
 3 SYSTEMPATH/Model.php(295): CodeIgniter\Database\BaseBuilder->get()
 4 SYSTEMPATH/BaseModel.php(714): CodeIgniter\Model->doFirst()
 5 APPPATH/Controllers/AuthController.php(20): CodeIgniter\BaseModel->first()
 6 SYSTEMPATH/CodeIgniter.php(951): App\Controllers\AuthController->login()
 7 SYSTEMPATH/CodeIgniter.php(497): CodeIgniter\CodeIgniter->runController()
 8 SYSTEMPATH/CodeIgniter.php(340): CodeIgniter\CodeIgniter->handleRequest()
 9 SYSTEMPATH/Boot.php(417): CodeIgniter\CodeIgniter->run()
10 SYSTEMPATH/Boot.php(68): CodeIgniter\Boot::runCodeIgniter()
11 FCPATH/index.php(59): CodeIgniter\Boot::bootWeb()
12 SYSTEMPATH/rewrite.php(44): require_once('/home/hp/Documents/ITU/S4/SI/TP-CODEIGNITER/regime/public/index.php')
DEBUG - 2026-05-09 16:34:51 --> Session: Class initialized using 'CodeIgniter\Session\Handlers\FileHandler' driver.
DEBUG - 2026-05-09 16:34:52 --> Session: Class initialized using 'CodeIgniter\Session\Handlers\FileHandler' driver.
INFO - 2026-05-09 16:34:55 --> CSRF token verified.
DEBUG - 2026-05-09 16:34:56 --> Session: Class initialized using 'CodeIgniter\Session\Handlers\FileHandler' driver.
